[  529963ms] Error: Unknown position: middle
    at YJ (https://chatwithme2mcp.lintao-mailbox.workers.dev/assets/vendor-g2-B6_qkbrl.js:66:146231)
    at https://chatwithme2mcp.lintao-mailbox.workers.dev/assets/vendor-g2-B6_qkbrl.js:66:146543
    at https://chatwithme2mcp.lintao-mailbox.workers.dev/assets/vendor-g2-B6_qkbrl.js:94:271444
    at https://chatwithme2mcp.lintao-mailbox.workers.dev/assets/vendor-g2-B6_qkbrl.js:94:268793
    at https://chatwithme2mcp.lintao-mailbox.workers.dev/assets/vendor-g2-B6_qkbrl.js:94:268936
    at zt.append (https://chatwithme2mcp.lintao-mailbox.workers.dev/assets/vendor-g2-B6_qkbrl.js:66:91747)
    at https://chatwithme2mcp.lintao-mailbox.workers.dev/assets/vendor-g2-B6_qkbrl.js:94:268918
    at zt.join (https://chatwithme2mcp.lintao-mailbox.workers.dev/assets/vendor-g2-B6_qkbrl.js:66:93666)
    at ile (https://chatwithme2mcp.lintao-mailbox.workers.dev/assets/vendor-g2-B6_qkbrl.js:94:268908)
    at https://chatwithme2mcp.lintao-mailbox.workers.dev/assets/vendor-g2-B6_qkbrl.js:94:268130
[  530270ms] Error: Unknown position: middle
    at YJ (https://chatwithme2mcp.lintao-mailbox.workers.dev/assets/vendor-g2-B6_qkbrl.js:66:146231)
    at https://chatwithme2mcp.lintao-mailbox.workers.dev/assets/vendor-g2-B6_qkbrl.js:66:146543
    at https://chatwithme2mcp.lintao-mailbox.workers.dev/assets/vendor-g2-B6_qkbrl.js:94:271444
    at https://chatwithme2mcp.lintao-mailbox.workers.dev/assets/vendor-g2-B6_qkbrl.js:94:268793
    at https://chatwithme2mcp.lintao-mailbox.workers.dev/assets/vendor-g2-B6_qkbrl.js:94:268936
    at zt.append (https://chatwithme2mcp.lintao-mailbox.workers.dev/assets/vendor-g2-B6_qkbrl.js:66:91747)
    at https://chatwithme2mcp.lintao-mailbox.workers.dev/assets/vendor-g2-B6_qkbrl.js:94:268918
    at zt.join (https://chatwithme2mcp.lintao-mailbox.workers.dev/assets/vendor-g2-B6_qkbrl.js:66:93666)
    at ile (https://chatwithme2mcp.lintao-mailbox.workers.dev/assets/vendor-g2-B6_qkbrl.js:94:268908)
    at https://chatwithme2mcp.lintao-mailbox.workers.dev/assets/vendor-g2-B6_qkbrl.js:94:268130
[  558282ms] Error: Unknown position: middle
    at YJ (https://chatwithme2mcp.lintao-mailbox.workers.dev/assets/vendor-g2-B6_qkbrl.js:66:146231)
    at https://chatwithme2mcp.lintao-mailbox.workers.dev/assets/vendor-g2-B6_qkbrl.js:66:146543
    at https://chatwithme2mcp.lintao-mailbox.workers.dev/assets/vendor-g2-B6_qkbrl.js:94:271444
    at https://chatwithme2mcp.lintao-mailbox.workers.dev/assets/vendor-g2-B6_qkbrl.js:94:268793
    at https://chatwithme2mcp.lintao-mailbox.workers.dev/assets/vendor-g2-B6_qkbrl.js:94:268936
    at zt.append (https://chatwithme2mcp.lintao-mailbox.workers.dev/assets/vendor-g2-B6_qkbrl.js:66:91747)
    at https://chatwithme2mcp.lintao-mailbox.workers.dev/assets/vendor-g2-B6_qkbrl.js:94:268918
    at zt.join (https://chatwithme2mcp.lintao-mailbox.workers.dev/assets/vendor-g2-B6_qkbrl.js:66:93666)
    at ile (https://chatwithme2mcp.lintao-mailbox.workers.dev/assets/vendor-g2-B6_qkbrl.js:94:268908)
    at https://chatwithme2mcp.lintao-mailbox.workers.dev/assets/vendor-g2-B6_qkbrl.js:94:268130
[  593769ms] Error: Unknown position: middle
    at YJ (https://chatwithme2mcp.lintao-mailbox.workers.dev/assets/vendor-g2-B6_qkbrl.js:66:146231)
    at https://chatwithme2mcp.lintao-mailbox.workers.dev/assets/vendor-g2-B6_qkbrl.js:66:146543
    at https://chatwithme2mcp.lintao-mailbox.workers.dev/assets/vendor-g2-B6_qkbrl.js:94:271444
    at https://chatwithme2mcp.lintao-mailbox.workers.dev/assets/vendor-g2-B6_qkbrl.js:94:268793
    at https://chatwithme2mcp.lintao-mailbox.workers.dev/assets/vendor-g2-B6_qkbrl.js:94:268936
    at zt.append (https://chatwithme2mcp.lintao-mailbox.workers.dev/assets/vendor-g2-B6_qkbrl.js:66:91747)
    at https://chatwithme2mcp.lintao-mailbox.workers.dev/assets/vendor-g2-B6_qkbrl.js:94:268918
    at zt.join (https://chatwithme2mcp.lintao-mailbox.workers.dev/assets/vendor-g2-B6_qkbrl.js:66:93666)
    at ile (https://chatwithme2mcp.lintao-mailbox.workers.dev/assets/vendor-g2-B6_qkbrl.js:94:268908)
    at https://chatwithme2mcp.lintao-mailbox.workers.dev/assets/vendor-g2-B6_qkbrl.js:94:268130
[  599094ms] Error: Unknown position: middle
    at YJ (https://chatwithme2mcp.lintao-mailbox.workers.dev/assets/vendor-g2-B6_qkbrl.js:66:146231)
    at https://chatwithme2mcp.lintao-mailbox.workers.dev/assets/vendor-g2-B6_qkbrl.js:66:146543
    at https://chatwithme2mcp.lintao-mailbox.workers.dev/assets/vendor-g2-B6_qkbrl.js:94:271444
    at https://chatwithme2mcp.lintao-mailbox.workers.dev/assets/vendor-g2-B6_qkbrl.js:94:268793
    at https://chatwithme2mcp.lintao-mailbox.workers.dev/assets/vendor-g2-B6_qkbrl.js:94:268936
    at zt.append (https://chatwithme2mcp.lintao-mailbox.workers.dev/assets/vendor-g2-B6_qkbrl.js:66:91747)
    at https://chatwithme2mcp.lintao-mailbox.workers.dev/assets/vendor-g2-B6_qkbrl.js:94:268918
    at zt.join (https://chatwithme2mcp.lintao-mailbox.workers.dev/assets/vendor-g2-B6_qkbrl.js:66:93666)
    at ile (https://chatwithme2mcp.lintao-mailbox.workers.dev/assets/vendor-g2-B6_qkbrl.js:94:268908)
    at https://chatwithme2mcp.lintao-mailbox.workers.dev/assets/vendor-g2-B6_qkbrl.js:94:268130
[  599415ms] Error: Unknown position: middle
    at YJ (https://chatwithme2mcp.lintao-mailbox.workers.dev/assets/vendor-g2-B6_qkbrl.js:66:146231)
    at https://chatwithme2mcp.lintao-mailbox.workers.dev/assets/vendor-g2-B6_qkbrl.js:66:146543
    at https://chatwithme2mcp.lintao-mailbox.workers.dev/assets/vendor-g2-B6_qkbrl.js:94:271444
    at https://chatwithme2mcp.lintao-mailbox.workers.dev/assets/vendor-g2-B6_qkbrl.js:94:268793
    at https://chatwithme2mcp.lintao-mailbox.workers.dev/assets/vendor-g2-B6_qkbrl.js:94:268936
    at zt.append (https://chatwithme2mcp.lintao-mailbox.workers.dev/assets/vendor-g2-B6_qkbrl.js:66:91747)
    at https://chatwithme2mcp.lintao-mailbox.workers.dev/assets/vendor-g2-B6_qkbrl.js:94:268918
    at zt.join (https://chatwithme2mcp.lintao-mailbox.workers.dev/assets/vendor-g2-B6_qkbrl.js:66:93666)
    at ile (https://chatwithme2mcp.lintao-mailbox.workers.dev/assets/vendor-g2-B6_qkbrl.js:94:268908)
    at https://chatwithme2mcp.lintao-mailbox.workers.dev/assets/vendor-g2-B6_qkbrl.js:94:268130
[  600382ms] Error: Unknown position: middle
    at YJ (https://chatwithme2mcp.lintao-mailbox.workers.dev/assets/vendor-g2-B6_qkbrl.js:66:146231)
    at https://chatwithme2mcp.lintao-mailbox.workers.dev/assets/vendor-g2-B6_qkbrl.js:66:146543
    at https://chatwithme2mcp.lintao-mailbox.workers.dev/assets/vendor-g2-B6_qkbrl.js:94:271444
    at https://chatwithme2mcp.lintao-mailbox.workers.dev/assets/vendor-g2-B6_qkbrl.js:94:268793
    at https://chatwithme2mcp.lintao-mailbox.workers.dev/assets/vendor-g2-B6_qkbrl.js:94:268936
    at zt.append (https://chatwithme2mcp.lintao-mailbox.workers.dev/assets/vendor-g2-B6_qkbrl.js:66:91747)
    at https://chatwithme2mcp.lintao-mailbox.workers.dev/assets/vendor-g2-B6_qkbrl.js:94:268918
    at zt.join (https://chatwithme2mcp.lintao-mailbox.workers.dev/assets/vendor-g2-B6_qkbrl.js:66:93666)
    at ile (https://chatwithme2mcp.lintao-mailbox.workers.dev/assets/vendor-g2-B6_qkbrl.js:94:268908)
    at https://chatwithme2mcp.lintao-mailbox.workers.dev/assets/vendor-g2-B6_qkbrl.js:94:268130
[  600961ms] Error: Unknown position: middle
    at YJ (https://chatwithme2mcp.lintao-mailbox.workers.dev/assets/vendor-g2-B6_qkbrl.js:66:146231)
    at https://chatwithme2mcp.lintao-mailbox.workers.dev/assets/vendor-g2-B6_qkbrl.js:66:146543
    at https://chatwithme2mcp.lintao-mailbox.workers.dev/assets/vendor-g2-B6_qkbrl.js:94:271444
    at https://chatwithme2mcp.lintao-mailbox.workers.dev/assets/vendor-g2-B6_qkbrl.js:94:268793
    at https://chatwithme2mcp.lintao-mailbox.workers.dev/assets/vendor-g2-B6_qkbrl.js:94:268936
    at zt.append (https://chatwithme2mcp.lintao-mailbox.workers.dev/assets/vendor-g2-B6_qkbrl.js:66:91747)
    at https://chatwithme2mcp.lintao-mailbox.workers.dev/assets/vendor-g2-B6_qkbrl.js:94:268918
    at zt.join (https://chatwithme2mcp.lintao-mailbox.workers.dev/assets/vendor-g2-B6_qkbrl.js:66:93666)
    at ile (https://chatwithme2mcp.lintao-mailbox.workers.dev/assets/vendor-g2-B6_qkbrl.js:94:268908)
    at https://chatwithme2mcp.lintao-mailbox.workers.dev/assets/vendor-g2-B6_qkbrl.js:94:268130
[  601510ms] Error: Unknown position: middle
    at YJ (https://chatwithme2mcp.lintao-mailbox.workers.dev/assets/vendor-g2-B6_qkbrl.js:66:146231)
    at https://chatwithme2mcp.lintao-mailbox.workers.dev/assets/vendor-g2-B6_qkbrl.js:66:146543
    at https://chatwithme2mcp.lintao-mailbox.workers.dev/assets/vendor-g2-B6_qkbrl.js:94:271444
    at https://chatwithme2mcp.lintao-mailbox.workers.dev/assets/vendor-g2-B6_qkbrl.js:94:268793
    at https://chatwithme2mcp.lintao-mailbox.workers.dev/assets/vendor-g2-B6_qkbrl.js:94:268936
    at zt.append (https://chatwithme2mcp.lintao-mailbox.workers.dev/assets/vendor-g2-B6_qkbrl.js:66:91747)
    at https://chatwithme2mcp.lintao-mailbox.workers.dev/assets/vendor-g2-B6_qkbrl.js:94:268918
    at zt.join (https://chatwithme2mcp.lintao-mailbox.workers.dev/assets/vendor-g2-B6_qkbrl.js:66:93666)
    at ile (https://chatwithme2mcp.lintao-mailbox.workers.dev/assets/vendor-g2-B6_qkbrl.js:94:268908)
    at https://chatwithme2mcp.lintao-mailbox.workers.dev/assets/vendor-g2-B6_qkbrl.js:94:268130
[  602717ms] Error: Unknown position: middle
    at YJ (https://chatwithme2mcp.lintao-mailbox.workers.dev/assets/vendor-g2-B6_qkbrl.js:66:146231)
    at https://chatwithme2mcp.lintao-mailbox.workers.dev/assets/vendor-g2-B6_qkbrl.js:66:146543
    at https://chatwithme2mcp.lintao-mailbox.workers.dev/assets/vendor-g2-B6_qkbrl.js:94:271444
    at https://chatwithme2mcp.lintao-mailbox.workers.dev/assets/vendor-g2-B6_qkbrl.js:94:268793
    at https://chatwithme2mcp.lintao-mailbox.workers.dev/assets/vendor-g2-B6_qkbrl.js:94:268936
    at zt.append (https://chatwithme2mcp.lintao-mailbox.workers.dev/assets/vendor-g2-B6_qkbrl.js:66:91747)
    at https://chatwithme2mcp.lintao-mailbox.workers.dev/assets/vendor-g2-B6_qkbrl.js:94:268918
    at zt.join (https://chatwithme2mcp.lintao-mailbox.workers.dev/assets/vendor-g2-B6_qkbrl.js:66:93666)
    at ile (https://chatwithme2mcp.lintao-mailbox.workers.dev/assets/vendor-g2-B6_qkbrl.js:94:268908)
    at https://chatwithme2mcp.lintao-mailbox.workers.dev/assets/vendor-g2-B6_qkbrl.js:94:268130
[  603404ms] Error: Unknown position: middle
    at YJ (https://chatwithme2mcp.lintao-mailbox.workers.dev/assets/vendor-g2-B6_qkbrl.js:66:146231)
    at https://chatwithme2mcp.lintao-mailbox.workers.dev/assets/vendor-g2-B6_qkbrl.js:66:146543
    at https://chatwithme2mcp.lintao-mailbox.workers.dev/assets/vendor-g2-B6_qkbrl.js:94:271444
    at https://chatwithme2mcp.lintao-mailbox.workers.dev/assets/vendor-g2-B6_qkbrl.js:94:268793
    at https://chatwithme2mcp.lintao-mailbox.workers.dev/assets/vendor-g2-B6_qkbrl.js:94:268936
    at zt.append (https://chatwithme2mcp.lintao-mailbox.workers.dev/assets/vendor-g2-B6_qkbrl.js:66:91747)
    at https://chatwithme2mcp.lintao-mailbox.workers.dev/assets/vendor-g2-B6_qkbrl.js:94:268918
    at zt.join (https://chatwithme2mcp.lintao-mailbox.workers.dev/assets/vendor-g2-B6_qkbrl.js:66:93666)
    at ile (https://chatwithme2mcp.lintao-mailbox.workers.dev/assets/vendor-g2-B6_qkbrl.js:94:268908)
    at https://chatwithme2mcp.lintao-mailbox.workers.dev/assets/vendor-g2-B6_qkbrl.js:94:268130
[  603914ms] Error: Unknown position: middle
    at YJ (https://chatwithme2mcp.lintao-mailbox.workers.dev/assets/vendor-g2-B6_qkbrl.js:66:146231)
    at https://chatwithme2mcp.lintao-mailbox.workers.dev/assets/vendor-g2-B6_qkbrl.js:66:146543
    at https://chatwithme2mcp.lintao-mailbox.workers.dev/assets/vendor-g2-B6_qkbrl.js:94:271444
    at https://chatwithme2mcp.lintao-mailbox.workers.dev/assets/vendor-g2-B6_qkbrl.js:94:268793
    at https://chatwithme2mcp.lintao-mailbox.workers.dev/assets/vendor-g2-B6_qkbrl.js:94:268936
    at zt.append (https://chatwithme2mcp.lintao-mailbox.workers.dev/assets/vendor-g2-B6_qkbrl.js:66:91747)
    at https://chatwithme2mcp.lintao-mailbox.workers.dev/assets/vendor-g2-B6_qkbrl.js:94:268918
    at zt.join (https://chatwithme2mcp.lintao-mailbox.workers.dev/assets/vendor-g2-B6_qkbrl.js:66:93666)
    at ile (https://chatwithme2mcp.lintao-mailbox.workers.dev/assets/vendor-g2-B6_qkbrl.js:94:268908)
    at https://chatwithme2mcp.lintao-mailbox.workers.dev/assets/vendor-g2-B6_qkbrl.js:94:268130
[  604263ms] Error: Unknown position: middle
    at YJ (https://chatwithme2mcp.lintao-mailbox.workers.dev/assets/vendor-g2-B6_qkbrl.js:66:146231)
    at https://chatwithme2mcp.lintao-mailbox.workers.dev/assets/vendor-g2-B6_qkbrl.js:66:146543
    at https://chatwithme2mcp.lintao-mailbox.workers.dev/assets/vendor-g2-B6_qkbrl.js:94:271444
    at https://chatwithme2mcp.lintao-mailbox.workers.dev/assets/vendor-g2-B6_qkbrl.js:94:268793
    at https://chatwithme2mcp.lintao-mailbox.workers.dev/assets/vendor-g2-B6_qkbrl.js:94:268936
    at zt.append (https://chatwithme2mcp.lintao-mailbox.workers.dev/assets/vendor-g2-B6_qkbrl.js:66:91747)
    at https://chatwithme2mcp.lintao-mailbox.workers.dev/assets/vendor-g2-B6_qkbrl.js:94:268918
    at zt.join (https://chatwithme2mcp.lintao-mailbox.workers.dev/assets/vendor-g2-B6_qkbrl.js:66:93666)
    at ile (https://chatwithme2mcp.lintao-mailbox.workers.dev/assets/vendor-g2-B6_qkbrl.js:94:268908)
    at https://chatwithme2mcp.lintao-mailbox.workers.dev/assets/vendor-g2-B6_qkbrl.js:94:268130
[  605815ms] Error: Unknown position: middle
    at YJ (https://chatwithme2mcp.lintao-mailbox.workers.dev/assets/vendor-g2-B6_qkbrl.js:66:146231)
    at https://chatwithme2mcp.lintao-mailbox.workers.dev/assets/vendor-g2-B6_qkbrl.js:66:146543
    at https://chatwithme2mcp.lintao-mailbox.workers.dev/assets/vendor-g2-B6_qkbrl.js:94:271444
    at https://chatwithme2mcp.lintao-mailbox.workers.dev/assets/vendor-g2-B6_qkbrl.js:94:268793
    at https://chatwithme2mcp.lintao-mailbox.workers.dev/assets/vendor-g2-B6_qkbrl.js:94:268936
    at zt.append (https://chatwithme2mcp.lintao-mailbox.workers.dev/assets/vendor-g2-B6_qkbrl.js:66:91747)
    at https://chatwithme2mcp.lintao-mailbox.workers.dev/assets/vendor-g2-B6_qkbrl.js:94:268918
    at zt.join (https://chatwithme2mcp.lintao-mailbox.workers.dev/assets/vendor-g2-B6_qkbrl.js:66:93666)
    at ile (https://chatwithme2mcp.lintao-mailbox.workers.dev/assets/vendor-g2-B6_qkbrl.js:94:268908)
    at https://chatwithme2mcp.lintao-mailbox.workers.dev/assets/vendor-g2-B6_qkbrl.js:94:268130
